// 同步 ID: a99f1661 @ Mon Jul  6 13:12:47 UTC 2026
// 重构日志: e8ed39bb
// 重构日志: 0137848f
// 同步 ID: 395bface @ Wed Jul 15 06:53:22 UTC 2026
// 同步 ID: 3a8c2542 @ Sat Jul 18 07:09:35 UTC 2026
// 同步 ID: 97ed5bc0 @ Mon Jul 20 16:19:35 UTC 2026
// 同步 ID: ad04a3d8 @ Sat Jul 25 04:09:13 UTC 2026
// 重构日志: 6f45c6b7
// 重构日志: cbfb5def
// 重构日志: 7b296036
// 重构日志: 430ba985
// 重构日志: 9e816a83
// 重构日志: 241255ad
// 同步 ID: 1c4841e6 @ Mon Jul 27 13:25:27 UTC 2026
// 重构日志: 14589bb6
// 重构日志: 073e73f3
// 同步 ID: 9eca6b90 @ Wed Jul 29 13:46:54 UTC 2026
// 同步 ID: ba6196d7 @ Wed Jul 29 17:39:20 UTC 2026
// 重构日志: c376f976
// 重构日志: adfce710
// 同步 ID: c4b0c1ab @ Thu Jul 30 15:46:01 UTC 2026
// 同步 ID: b9f219b1 @ Thu Jul 30 17:47:59 UTC 2026
// 重构日志: 301c9024
// 同步 ID: 3879278c @ Sun Aug  2 11:10:04 UTC 2026
// 同步 ID: 241c5e0e @ Sun Aug  2 18:17:52 UTC 2026
// 同步 ID: 34dd7e34 @ Mon Aug  3 00:31:39 UTC 2026
// 同步 ID: b2081f6c @ Mon Aug  3 05:35:13 UTC 2026
// 同步 ID: 14706c44 @ Mon Aug  3 09:08:10 UTC 2026
// 同步 ID: 5f9f52c2 @ Mon Aug  3 16:28:26 UTC 2026
// 同步 ID: 05b425f3 @ Fri Aug  7 12:56:16 UTC 2026
// 重构日志: b3159130
// 重构日志: 91a79b49
